<html>
<body>
<pre>
<h1>µVision Build Log</h1>
<h2>Tool Versions:</h2>
IDE-Version: ¦ÌVision V5.25.2.0
Copyright (C) 2018 ARM Ltd and ARM Germany GmbH. All rights reserved.
License Information: Guangjie Ares, SCUA, LIC=LJWBS-LBZE0-WID5K-ZR4C5-5ZIP5-MIWTL
 
Tool Versions:
Toolchain:       MDK-ARM Professional  Version: 5.25.2.0
Toolchain Path:  D:\Program Files (x86)\Keil5\ARM\ARMCC\Bin
C Compiler:      Armcc.exe V5.06 update 6 (build 750)
Assembler:       Armasm.exe V5.06 update 6 (build 750)
Linker/Locator:  ArmLink.exe V5.06 update 6 (build 750)
Library Manager: ArmAr.exe V5.06 update 6 (build 750)
Hex Converter:   FromElf.exe V5.06 update 6 (build 750)
CPU DLL:         SARMCM3.DLL V5.25.2.0
Dialog DLL:      DCM.DLL V1.17.1.0
Target DLL:      STLink\ST-LINKIII-KEIL_SWO.dll V3.0.1.0
Dialog DLL:      TCM.DLL V1.35.1.0
 
<h2>Project:</h2>
C:\Users\18312\Desktop\ÖÇÄÜ¼Ò¾ÓV3.8\USER\STemWin.uvprojx
Project File Date:  02/15/2019

<h2>Output:</h2>
*** Using Compiler 'V5.06 update 6 (build 750)', folder: 'D:\Program Files (x86)\Keil5\ARM\ARMCC\Bin'
Build target 'STemWin MCULCD'
compiling GUIDEMO_Start.c...
compiling App_SysInfoDlg.c...
compiling main.c...
main.c(226): warning:  #223-D: function "uart2_init" declared implicitly
  	uart2_init(9600);               //??????usart2  ????????????app??????
main.c: 1 warning, 0 errors
compiling App_TempHumiAirDlg.c...
compiling App_LightDlg.c...
compiling App_DoorWinCurtainDlg.c...
..\EMWIN\AppDlg\App_DoorWinCurtainDlg.c(159): warning:  #177-D: variable "TimerId"  was declared but never referenced
  	char TimerId;
..\EMWIN\AppDlg\App_DoorWinCurtainDlg.c: 1 warning, 0 errors
compiling App_WifiStatusDlg.c...
linking...
Program Size: Code=223942 RO-data=757166 RW-data=3052 ZI-data=24451860  
FromELF: creating hex file...
After Build - User command #1: "D:\Program Files (x86)\Keil5\ARM\ARMCC\bin\fromelf.exe" --bin -o ..\OBJ\Tempate.bin ..\OBJ\Tempate.axf
"..\OBJ\Tempate.axf" - 0 Error(s), 2 Warning(s).

<h2>Software Packages used:</h2>

Package Vendor: Keil
                http://www.keil.com/pack/Keil.STM32F4xx_DFP.2.9.0.pack
                Keil.STM32F4xx_DFP.2.9.0
                STMicroelectronics STM32F4 Series Device Support, Drivers and Examples

<h2>Collection of Component include folders:</h2>
  .\RTE\_STemWin_MCULCD
  D:\Program Files (x86)\Keil5\ARM\PACK\Keil\STM32F4xx_DFP\2.9.0\Drivers\CMSIS\Device\ST\STM32F4xx\Include

<h2>Collection of Component Files used:</h2>
Build Time Elapsed:  00:00:52
</pre>
</body>
</html>
